[
  "* Check if a number is odd ",
  " namespace sample\n"
]
